col_hz_fx_vr_fx_sp_pk1
col_hz_fx_vr_fx_sp_pk2
col_hz_fx_vr_fx_sp_pk3
col_hz_fx_vr_fx_sp_pk4
col_hz_fx_vr_fx_sp_pk5
col_hz_fx_vr_fx_sp_pk6
col_hz_fx_vr_fx_sp_pk7
col_hz_fx_vr_fx_sp_pk8
col_hz_fx_vr_fx_sp_pk9
col_hz_fx_vr_fx_sp_sb147
col_hz_fx_vr_fx_sp_sb258
col_hz_fx_vr_fx_sp_sb369
col_hz_fx_vr_hg_sp_pk147
col_hz_fx_vr_hg_sp_pk258
col_hz_fx_vr_hg_sp_pk369
col_hz_hg_vr_fx_sp_pk1
col_hz_hg_vr_fx_sp_pk2
col_hz_hg_vr_fx_sp_pk3
col_hz_hg_vr_fx_sp_pk4
col_hz_hg_vr_fx_sp_pk5
col_hz_hg_vr_fx_sp_pk6
col_hz_hg_vr_fx_sp_pk7
col_hz_hg_vr_fx_sp_pk8
col_hz_hg_vr_fx_sp_pk9
col_hz_hg_vr_fx_sp_sb147
col_hz_hg_vr_fx_sp_sb258
col_hz_hg_vr_fx_sp_sb369
col_hz_hg_vr_hg_sp_pk123456789
no_space_col_hz_hg_vr_hg_sp_pk123456789
no_space_row_hz_hg_vr_hg_sp_pk123456789
row_hz_fx_vr_fx_sp_pk1
row_hz_fx_vr_fx_sp_pk2
row_hz_fx_vr_fx_sp_pk3
row_hz_fx_vr_fx_sp_pk4
row_hz_fx_vr_fx_sp_pk5
row_hz_fx_vr_fx_sp_pk6
row_hz_fx_vr_fx_sp_pk7
row_hz_fx_vr_fx_sp_pk8
row_hz_fx_vr_fx_sp_pk9
row_hz_fx_vr_fx_sp_sb123
row_hz_fx_vr_fx_sp_sb456
row_hz_fx_vr_fx_sp_sb789
row_hz_fx_vr_hg_sp_pk147
row_hz_fx_vr_hg_sp_pk258
row_hz_fx_vr_hg_sp_pk369
row_hz_fx_vr_hg_sp_sb123456789
row_hz_hg_vr_fx_sp_pk147
row_hz_hg_vr_fx_sp_pk258
row_hz_hg_vr_fx_sp_pk369
row_hz_hg_vr_hg_sp_pk123456789
admin_city_section_edit_screen
custom_test_screen
test_screen