// *********************************************************************************
// PARABEAC-GENERATED CODE. DO NOT MODIFY.
//
// FOR MORE INFORMATION ON HOW TO USE PARABEAC, PLEASE VISIT docs.parabeac.com
// *********************************************************************************

import 'package:flutter/material.dart';
import 'package:auto_size_text/auto_size_text.dart';

class ColHzFxVrHgSpPk258 extends StatefulWidget {
  const ColHzFxVrHgSpPk258({
    Key? key,
  }) : super(key: key);
  @override
  _ColHzFxVrHgSpPk258 createState() => _ColHzFxVrHgSpPk258();
}

class _ColHzFxVrHgSpPk258 extends State<ColHzFxVrHgSpPk258> {
  _ColHzFxVrHgSpPk258();

  @override
  Widget build(BuildContext context) {
    return Material(
      color: Colors.white,
      child: Stack(children: [
        Positioned(
          left: 37.0,
          width: 326.0,
          top: 157.0,
          height: 85.0,
          child: Container(
              padding: EdgeInsets.only(
                left: 10.0,
                right: 10.0,
                top: 10.0,
                bottom: 10.0,
              ),
              width: 326.000,
              child: Column(
                  mainAxisAlignment: MainAxisAlignment.start,
                  crossAxisAlignment: CrossAxisAlignment.center,
                  mainAxisSize: MainAxisSize.min,
                  children: [
                    Container(
                        height: 15.0,
                        width: 24.0,
                        child: Container(
                            width: 24.000,
                            height: 15.000,
                            child: AutoSizeText(
                              'Left',
                              style: TextStyle(
                                fontFamily: 'Sanchez',
                                fontSize: 12.0,
                                fontWeight: FontWeight.w400,
                                letterSpacing: 0.0,
                                color: Colors.white,
                              ),
                              textAlign: TextAlign.left,
                            ))),
                    SizedBox(
                      height: 10.0,
                    ),
                    Container(
                        height: 15.0,
                        width: 39.0,
                        child: Container(
                            width: 39.000,
                            height: 15.000,
                            child: AutoSizeText(
                              'Middle',
                              style: TextStyle(
                                fontFamily: 'Sanchez',
                                fontSize: 12.0,
                                fontWeight: FontWeight.w400,
                                letterSpacing: 0.0,
                                color: Colors.white,
                              ),
                              textAlign: TextAlign.left,
                            ))),
                    SizedBox(
                      height: 10.0,
                    ),
                    Container(
                        height: 15.0,
                        width: 31.0,
                        child: Container(
                            width: 31.000,
                            height: 15.000,
                            child: AutoSizeText(
                              'Right',
                              style: TextStyle(
                                fontFamily: 'Sanchez',
                                fontSize: 12.0,
                                fontWeight: FontWeight.w400,
                                letterSpacing: 0.0,
                                color: Colors.white,
                              ),
                              textAlign: TextAlign.left,
                            ))),
                  ])),
        ),
      ]),
    );
  }

  @override
  void dispose() {
    super.dispose();
  }
}
