// *********************************************************************************
// PARABEAC-GENERATED CODE. DO NOT MODIFY.
//
// FOR MORE INFORMATION ON HOW TO USE PARABEAC, PLEASE VISIT docs.parabeac.com
// *********************************************************************************

import 'package:flutter/material.dart';
import 'package:auto_size_text/auto_size_text.dart';

class PrimaryButtonRect extends StatefulWidget {
  final String? ovrClickMe;

  const PrimaryButtonRect({
    Key? key,
    this.ovrClickMe,
  }) : super(key: key);

  @override
  _PrimaryButtonRect createState() => _PrimaryButtonRect();
}

class _PrimaryButtonRect extends State<PrimaryButtonRect> {
  _PrimaryButtonRect();

  @override
  Widget build(BuildContext context) {
    return LayoutBuilder(builder: (context, constraints) {
      return Container(
          decoration: BoxDecoration(
            borderRadius: BorderRadius.all(Radius.circular(20.0)),
          ),
          child: Stack(children: [
            Positioned(
              left: 0,
              width: constraints.maxWidth * 1.0,
              top: 0,
              height: constraints.maxHeight * 1.0,
              child: Stack(children: [
                Positioned(
                  left: 0,
                  width: 235.0,
                  top: 0,
                  height: 100.0,
                  child: Container(
                    height: 100.0,
                    width: 235.0,
                    decoration: BoxDecoration(
                      color: Color(0xff59afff),
                      borderRadius: BorderRadius.all(Radius.circular(20.0)),
                    ),
                  ),
                ),
                Positioned(
                  left: constraints.maxWidth * 0.336,
                  width: constraints.maxWidth * 0.328,
                  top: constraints.maxHeight * 0.39,
                  height: constraints.maxHeight * 0.23,
                  child: Container(
                      height: constraints.maxHeight * 0.23,
                      width: constraints.maxWidth * 0.3276595744680851,
                      child: AutoSizeText(
                        widget.ovrClickMe ?? 'Click Me',
                        style: TextStyle(
                          fontFamily: 'Roboto',
                          fontSize: 20.0,
                          fontWeight: FontWeight.w400,
                          letterSpacing: 0.0,
                          color: Colors.white,
                        ),
                        textAlign: TextAlign.left,
                      )),
                ),
              ]),
            ),
          ]));
    });
  }

  @override
  void dispose() {
    super.dispose();
  }
}
