// *********************************************************************************
// PARABEAC-GENERATED CODE. DO NOT MODIFY.
//
// FOR MORE INFORMATION ON HOW TO USE PARABEAC, PLEASE VISIT docs.parabeac.com
// *********************************************************************************

import 'package:flutter/material.dart';
import 'package:auto_size_text/auto_size_text.dart';

class SecondaryButton extends StatefulWidget {
  final String? ovrClickMe;

  const SecondaryButton({
    Key? key,
    this.ovrClickMe,
  }) : super(key: key);

  @override
  _SecondaryButton createState() => _SecondaryButton();
}

class _SecondaryButton extends State<SecondaryButton> {
  _SecondaryButton();

  @override
  Widget build(BuildContext context) {
    return LayoutBuilder(builder: (context, constraints) {
      return Container(
          decoration: BoxDecoration(
            color: Colors.white,
            borderRadius: BorderRadius.all(Radius.circular(20.0)),
            border: Border.all(
              color: Color(0xff000000),
              width: 2.0,
            ),
          ),
          child: Stack(children: [
            Positioned(
              left: constraints.maxWidth * 0.336,
              width: constraints.maxWidth * 0.328,
              top: constraints.maxHeight * 0.39,
              height: constraints.maxHeight * 0.23,
              child: Container(
                  height: constraints.maxHeight * 0.23,
                  width: constraints.maxWidth * 0.3276595744680851,
                  child: AutoSizeText(
                    widget.ovrClickMe ?? 'Click Me',
                    style: TextStyle(
                      fontFamily: 'Roboto',
                      fontSize: 20.0,
                      fontWeight: FontWeight.w400,
                      letterSpacing: 0.0,
                      color: Colors.black,
                    ),
                    textAlign: TextAlign.left,
                  )),
            ),
          ]));
    });
  }

  @override
  void dispose() {
    super.dispose();
  }
}
